// Jest Snapshot v1, https://goo.gl/fbAQLP

exports[`app should have a p element div inside 1`] = `
<div>
  me
</div>
`;
